DEBUG EXCEPTION: Connection error.
DEBUG: Status=500
DEBUG: Headers=Headers({'content-length': '29', 'content-type': 'application/json'})
DEBUG: Text={"error":"Connection error."}
F
=================================== FAILURES ===================================
_______________________________ test_list_models _______________________________

mock_list = <AsyncMock name='list' id='129173603340112'>

    @patch("gantry.routers.workspace_routes.client.models.list", new_callable=AsyncMock)
    def test_list_models(mock_list):
        """Test listing models via API."""
        mock_list.return_value = MOCK_MODELS_RESPONSE

        response = client.get("/api/workspace/models")
        print(f"DEBUG: Status={response.status_code}")
        print(f"DEBUG: Headers={response.headers}")
        print(f"DEBUG: Text={response.text[:200]}")

>       assert response.status_code == 200
E       assert 500 == 200
E        +  where 500 = <Response [500 Internal Server Error]>.status_code

tests/api/test_workspace_routes.py:34: AssertionError
=============================== warnings summary ===============================
../../../.python3_venv/lib/python3.12/site-packages/pydantic/_internal/_config.py:323
../../../.python3_venv/lib/python3.12/site-packages/pydantic/_internal/_config.py:323
  /home/jlwestsr/.python3_venv/lib/python3.12/site-packages/pydantic/_internal/_config.py:323: PydanticDeprecatedSince20: Support for class-based `config` is deprecated, use ConfigDict instead. Deprecated in Pydantic V2.0 to be removed in V3.0. See Pydantic V2 Migration Guide at https://errors.pydantic.dev/2.11/migration/
    warnings.warn(DEPRECATION_MESSAGE, DeprecationWarning)

gantry/database.py:19
gantry/database.py:19
  /home/jlwestsr/projects/west_ai_labs/nebulus/gantry/database.py:19: MovedIn20Warning: The ``declarative_base()`` function is now available as sqlalchemy.orm.declarative_base(). (deprecated since: 2.0) (Background on SQLAlchemy 2.0 at: https://sqlalche.me/e/b8d9)
    Base = declarative_base()

../../../.python3_venv/lib/python3.12/site-packages/passlib/utils/__init__.py:854
  /home/jlwestsr/.python3_venv/lib/python3.12/site-packages/passlib/utils/__init__.py:854: DeprecationWarning: 'crypt' is deprecated and slated for removal in Python 3.13
    from crypt import crypt as _crypt

../../../.python3_venv/lib/python3.12/site-packages/pydantic/_internal/_config.py:373
  /home/jlwestsr/.python3_venv/lib/python3.12/site-packages/pydantic/_internal/_config.py:373: UserWarning: Valid config keys have changed in V2:
  * 'orm_mode' has been renamed to 'from_attributes'
    warnings.warn(message, UserWarning)

gantry/main.py:192
  /home/jlwestsr/projects/west_ai_labs/nebulus/gantry/main.py:192: DeprecationWarning:
          on_event is deprecated, use lifespan event handlers instead.

          Read more about it in the
          [FastAPI docs for Lifespan Events](https://fastapi.tiangolo.com/advanced/events/).

    @app.on_event("startup")

../../../.python3_venv/lib/python3.12/site-packages/fastapi/applications.py:4576
  /home/jlwestsr/.python3_venv/lib/python3.12/site-packages/fastapi/applications.py:4576: DeprecationWarning:
          on_event is deprecated, use lifespan event handlers instead.

          Read more about it in the
          [FastAPI docs for Lifespan Events](https://fastapi.tiangolo.com/advanced/events/).

    return self.router.on_event(event_type)

../../../.python3_venv/lib/python3.12/site-packages/_pytest/cacheprovider.py:475
  /home/jlwestsr/.python3_venv/lib/python3.12/site-packages/_pytest/cacheprovider.py:475: PytestCacheWarning: cache could not write path /home/jlwestsr/projects/west_ai_labs/nebulus/.pytest_cache/v/cache/nodeids: [Errno 13] Permission denied: '/home/jlwestsr/projects/west_ai_labs/nebulus/.pytest_cache/v/cache/nodeids'
    config.cache.set("cache/nodeids", sorted(self.cached_nodeids))

../../../.python3_venv/lib/python3.12/site-packages/_pytest/cacheprovider.py:429
  /home/jlwestsr/.python3_venv/lib/python3.12/site-packages/_pytest/cacheprovider.py:429: PytestCacheWarning: cache could not write path /home/jlwestsr/projects/west_ai_labs/nebulus/.pytest_cache/v/cache/lastfailed: [Errno 13] Permission denied: '/home/jlwestsr/projects/west_ai_labs/nebulus/.pytest_cache/v/cache/lastfailed'
    config.cache.set("cache/lastfailed", self.lastfailed)

-- Docs: https://docs.pytest.org/en/stable/how-to/capture-warnings.html
=========================== short test summary info ============================
FAILED tests/api/test_workspace_routes.py::test_list_models - assert 500 == 200
1 failed, 10 warnings in 2.44s
